]0;/home/jovyan]0;jovyan@jupyter-benmarwick-2dnotebooks-2d2htapzvw: ~[01;32mjovyan@jupyter-benmarwick-2dnotebooks-2d2htapzvw[00m:[01;34m~[00m$ git commit[K[K[K[K[K[Kadd .
]0;/home/jovyan]0;jovyan@jupyter-benmarwick-2dnotebooks-2d2htapzvw: ~[01;32mjovyan@jupyter-benmarwick-2dnotebooks-2d2htapzvw[00m:[01;34m~[00m$ git commit -am "add file"

*** Please tell me who you are.

Run

  git config --global user.email "you@example.com"
  git config --global user.name "Your Name"

to set your account's default identity.
Omit --global to set the identity only in this repository.

fatal: unable to auto-detect email address (got 'jovyan@jupyter-benmarwick-2dnotebooks-2d2htapzvw.(none)')
]0;/home/jovyan]0;jovyan@jupyter-benmarwick-2dnotebooks-2d2htapzvw: ~[01;32mjovyan@jupyter-benmarwick-2dnotebooks-2d2htapzvw[00m:[01;34m~[00m$ git config --global user.email "you@exampple.com"
]0;/home/jovyan]0;jovyan@jupyter-benmarwick-2dnotebooks-2d2htapzvw: ~[01;32mjovyan@jupyter-benmarwick-2dnotebooks-2d2htapzvw[00m:[01;34m~[00m$   git config --global user.name "Your Namme"[C[1P"[1P"[A[C[C[C[C[C[C[C[C[C[C[C[C[C[C[C[C[C[C[C[C[C[C[C[C[C[C[C[C[C[C[C[C[C[C[C[C[C[C[C[C[C[C[C[C[C[C[C[C[C[C[C[C[C[C[C[C[C[C[C[C[C[C[C[C[C[C[C[C[C[C[C[C[C[C[C[C[C[C[C[C[C[C[C[C[C[C[C[C[C[C[C" [K[A[C[C[C[C[C[C[C[C[C[C[C[C[C[C[C[C[C[C[C[C[C[C[C[C[C[C[C[C[C[C[C[C[C[C[C[C[C[C[C[C[C[C[C[C[C[C[C[C[C[C[C[C[C[C[C[C[C[C[C[C[C[C[C[C[C[C[C[C[C[C[C[C[C[C[C[C[C[C[C[C[C[C[C[C[C[C[C[C[C[C[C[1P"
[K[A[C[C[C[C[C[C[C[C[C[C[C[C[C[C[C[C[C[C[C[C[C[C[C[C[C[C[C[C[C[C[C[C[C[C[C[C[C[C[C[C[C[C[C[C[C[C[C[C[C[C[C[C[C[C[C[C[C[C[C[C[C[C[C[C[C[C[C[C[C[C[C[C[C[C[C[C[C[C[C[C[C[C[C[C[C[C[C[C[C[C[1P"[1P"[1P"[1P"[1P"B"e"n" "M"a" [A]0;jovyan@jupyter-benmarwick-2dnotebooks-2d2htapzvw: ~[01;32mjovyan@jupyter-benmarwick-2dnotebooks-2d2htapzvw[00m:[01;34m~[00m$ [C[C[C[C[C[C[C[C[C[C[C[C[C[C[C[C[C[C[C[C[C[C[C[C[C[C[C[C[C[C[C[C[C[C[C[C[C[C[Cr""w"i"c"k"
]0;/home/jovyan]0;jovyan@jupyter-benmarwick-2dnotebooks-2d2htapzvw: ~[01;32mjovyan@jupyter-benmarwick-2dnotebooks-2d2htapzvw[00m:[01;34m~[00m$ git config --global user.email "you@exampple.com"[A]0;jovyan@jupyter-benmarwick-2dnotebooks-2d2htapzvw: ~[01;32mjovyan@jupyter-benmarwick-2dnotebooks-2d2htapzvw[00m:[01;34m~[00m$ [C[C[C[C[C[C[15Pmmit -am "add file"
[K[A[C[C[C[C[C[C[C[C[C[C[C[C[C[C[C[C[C[C[C[C[C[C[C[C[C[C[C[C[C[C[C[C[C[C[C[C[C[C[C[C[C[C[C[C[C[C[C[C[C[C[C[C[C[C[C[C[C[C[C[C[C[C[C[C[C[C[C[C[C[C[C[C[C[C[C[C[Cadd .[Kcommit -am "add file"nfig --global user.email "you@exampple.com"[1P"[1P"[1P"[1P"[1P"[1P"[1P"[A[C[C[C[C[C[C[C[C[C[C[C[C[C[C[C[C[C[C[C[C[C[C[C[C[C[C[C[C[C[C[C[C[C[C[C[C[C[C[C[C[C[C[C[C[C[C[C[C[C[C[C[C[C[C[C[C[C[C[C[C[C[C[C[C[C[C[C[C[C[C[C[C[C[C[C[C[C[C[C[C[C[C[C[C[C[C[C[C[C[C[C" [K[A[C[C[C[C[C[C[C[C[C[C[C[C[C[C[C[C[C[C[C[C[C[C[C[C[C[C[C[C[C[C[C[C[C[C[C[C[C[C[C[C[C[C[C[C[C[C[C[C[C[C[C[C[C[C[C[C[C[C[C[C[C[C[C[C[C[C[C[C[C[C[C[C[C[C[C[C[C[C[C[C[C[C[C[C[C[C[C[C[C[C[C[1P"
[K[A[C[C[C[C[C[C[C[C[C[C[C[C[C[C[C[C[C[C[C[C[C[C[C[C[C[C[C[C[C[C[C[C[C[C[C[C[C[C[C[C[C[C[C[C[C[C[C[C[C[C[C[C[C[C[C[C[C[C[C[C[C[C[C[C[C[C[C[C[C[C[C[C[C[C[C[C[C[C[C[C[C[C[C[C[C[C[C[C[C[C[1P"[1P"[1P"[1P"[1P"[1P"b"e"n"m"a"r"w" [A]0;jovyan@jupyter-benmarwick-2dnotebooks-2d2htapzvw: ~[01;32mjovyan@jupyter-benmarwick-2dnotebooks-2d2htapzvw[00m:[01;34m~[00m$ [C[C[C[C[C[C[C[C[C[C[C[C[C[C[C[C[C[C[C[C[C[C[C[C[C[C[C[C[C[C[C[C[C[C[C[C[C[C[Ci""c"k"@"g"m"a"i"l"."c"o"m"
]0;/home/jovyan]0;jovyan@jupyter-benmarwick-2dnotebooks-2d2htapzvw: ~[01;32mjovyan@jupyter-benmarwick-2dnotebooks-2d2htapzvw[00m:[01;34m~[00m$ git config --global user.email "benmarwicck@gmail.com"[A]0;jovyan@jupyter-benmarwick-2dnotebooks-2d2htapzvw: ~[01;32mjovyan@jupyter-benmarwick-2dnotebooks-2d2htapzvw[00m:[01;34m~[00m$ [C[C[C[C[C[C[C[C[C[C[C[C[C[C[C[C[C[C[C[C[C[C[C[C[C[C[C[C[C[C[C[Cyou@examp[5Ple.com"[A]0;jovyan@jupyter-benmarwick-2dnotebooks-2d2htapzvw: ~[01;32mjovyan@jupyter-benmarwick-2dnotebooks-2d2htapzvw[00m:[01;34m~[00m$ [C[C[C[C[C[C[15Pmmit -am "add file"
[K[A[C[C[C[C[C[C[C[C[C[C[C[C[C[C[C[C[C[C[C[C[C[C[C[C[C[C[C[C[C[C[C[C[C[C[C[C[C[C[C[C[C[C[C[C[C[C[C[C[C[C[C[C[C[C[C[C[C[C[C[C[C[C[C[C[C[C[C[C[C[C[C[C[C[C[C[C[C
[master bc93dab] add file
 27 files changed, 550 insertions(+)
 create mode 100644 .rstudio/addin_registry
 create mode 100644 .rstudio/console06/4E93819C
 create mode 100644 .rstudio/console06/INDEX001
 create mode 100644 .rstudio/history_database
 create mode 100644 .rstudio/monitored/lists/file_mru
 create mode 100644 .rstudio/monitored/user-settings/user-settings
 create mode 100644 .rstudio/notebooks/patch-chunk-names
 create mode 100644 .rstudio/notebooks/paths
 create mode 100644 .rstudio/sessions/active/session-6aa0e8dc/properites/executing
 create mode 100644 .rstudio/sessions/active/session-6aa0e8dc/properites/initial
 create mode 100644 .rstudio/sessions/active/session-6aa0e8dc/properites/last-used
 create mode 100644 .rstudio/sessions/active/session-6aa0e8dc/properites/project
 create mode 100644 .rstudio/sessions/active/session-6aa0e8dc/properites/r-version
 create mode 100644 .rstudio/sessions/active/session-6aa0e8dc/properites/r-version-home
 create mode 100644 .rstudio/sessions/active/session-6aa0e8dc/properites/running
 create mode 100644 .rstudio/sessions/active/session-6aa0e8dc/properites/save_prompt_required
 create mode 100644 .rstudio/sessions/active/session-6aa0e8dc/properites/working-dir
 create mode 100644 .rstudio/sessions/active/session-6aa0e8dc/session-persistent-state
 create mode 100644 .rstudio/sources/prop/EC930936
 create mode 100644 .rstudio/sources/prop/INDEX
 create mode 100644 .rstudio/sources/s-6aa0e8dc/B47C8A27
 create mode 100644 .rstudio/sources/s-6aa0e8dc/B47C8A27-contents
 create mode 100644 .rstudio/sources/s-6aa0e8dc/lock_file
 create mode 100644 .subversion/README.txt
 create mode 100644 .subversion/config
 create mode 100644 .subversion/servers
 create mode 100644 I-made-this-in-rstudio-in-binder.R
]0;/home/jovyan]0;jovyan@jupyter-benmarwick-2dnotebooks-2d2htapzvw: ~[01;32mjovyan@jupyter-benmarwick-2dnotebooks-2d2htapzvw[00m:[01;34m~[00m$ git push
fatal: cannot run rpostback-askpass: No such file or directory
Username for 'https://github.com': benmarwick
fatal: cannot run rpostback-askpass: No such file or directory
Password for 'https://benmarwick@github.com': 
To https://github.com/benmarwick/notebooks
 ! [rejected]        master -> master (fetch first)
error: failed to push some refs to 'https://github.com/benmarwick/notebooks'
hint: Updates were rejected because the remote contains work that you do
hint: not have locally. This is usually caused by another repository pushing
hint: to the same ref. You may want to first integrate the remote changes
hint: (e.g., 'git pull ...') before pushing again.
hint: See the 'Note about fast-forwards' in 'git push --help' for details.
]0;/home/jovyan]0;jovyan@jupyter-benmarwick-2dnotebooks-2d2htapzvw: ~[01;32mjovyan@jupyter-benmarwick-2dnotebooks-2d2htapzvw[00m:[01;34m~[00m$ git pull
remote: Counting objects: 3, done.[K
remote: Compressing objects:  33% (1/3)   [Kremote: Compressing objects:  66% (2/3)   [Kremote: Compressing objects: 100% (3/3)   [Kremote: Compressing objects: 100% (3/3), done.[K
remote: Total 3 (delta 2), reused 0 (delta 0), pack-reused 0[K
Unpacking objects:  33% (1/3)   Unpacking objects:  66% (2/3)   Unpacking objects: 100% (3/3)   Unpacking objects: 100% (3/3), done.
From https://github.com/benmarwick/notebooks
   3a3dd3d..a758e76  master     -> origin/master
hint: Waiting for your editor to close the file... fatal: cannot run vi: No such file or directory
error: unable to start editor 'vi'
Not committing merge; use 'git commit' to complete the merge.
]0;/home/jovyan]0;jovyan@jupyter-benmarwick-2dnotebooks-2d2htapzvw: ~[01;32mjovyan@jupyter-benmarwick-2dnotebooks-2d2htapzvw[00m:[01;34m~[00m$ [K]0;jovyan@jupyter-benmarwick-2dnotebooks-2d2htapzvw: ~[01;32mjovyan@jupyter-benmarwick-2dnotebooks-2d2htapzvw[00m:[01;34m~[00m$ git pullshcommit -am "add file"
[master 99cb439] add file
]0;/home/jovyan]0;jovyan@jupyter-benmarwick-2dnotebooks-2d2htapzvw: ~[01;32mjovyan@jupyter-benmarwick-2dnotebooks-2d2htapzvw[00m:[01;34m~[00m$ git commit -am "add file"pull[Ksh
fatal: cannot run rpostback-askpass: No such file or directory
Username for 'https://github.com': benmarwick
fatal: cannot run rpostback-askpass: No such file or directory
Password for 'https://benmarwick@github.com': 
remote: Invalid username or password.
fatal: Authentication failed for 'https://github.com/benmarwick/notebooks/'
]0;/home/jovyan]0;jovyan@jupyter-benmarwick-2dnotebooks-2d2htapzvw: ~[01;32mjovyan@jupyter-benmarwick-2dnotebooks-2d2htapzvw[00m:[01;34m~[00m$ git push
fatal: cannot run rpostback-askpass: No such file or directory
Username for 'https://github.com': benmarwick
fatal: cannot run rpostback-askpass: No such file or directory
Password for 'https://benmarwick@github.com': 
Counting objects: 47, done.
Delta compression using up to 32 threads.
Compressing objects:   3% (1/31)   Compressing objects:   6% (2/31)   Compressing objects:   9% (3/31)   Compressing objects:  12% (4/31)   Compressing objects:  16% (5/31)   Compressing objects:  19% (6/31)   Compressing objects:  22% (7/31)   Compressing objects:  25% (8/31)   Compressing objects:  29% (9/31)   Compressing objects:  32% (10/31)   Compressing objects:  35% (11/31)   Compressing objects:  38% (12/31)   Compressing objects:  41% (13/31)   Compressing objects:  45% (14/31)   Compressing objects:  48% (15/31)   Compressing objects:  51% (16/31)   Compressing objects:  54% (17/31)   Compressing objects:  58% (18/31)   Compressing objects:  61% (19/31)   Compressing objects:  64% (20/31)   Compressing objects:  67% (21/31)   Compressing objects:  70% (22/31)   Compressing objects:  74% (23/31)   Compressing objects:  77% (24/31)   Compressing objects:  80% (25/31)   Compressing objects:  83% (26/31)   Compressing objects:  87% (27/31)   Compressing objects:  90% (28/31)   Compressing objects:  93% (29/31)   Compressing objects:  96% (30/31)   Compressing objects: 100% (31/31)   Compressing objects: 100% (31/31), done.
Writing objects:   2% (1/47)   Writing objects:   4% (2/47)   Writing objects:   6% (3/47)   Writing objects:   8% (4/47)   Writing objects:  10% (5/47)   Writing objects:  12% (6/47)   Writing objects:  14% (7/47)   Writing objects:  17% (8/47)   Writing objects:  19% (9/47)   Writing objects:  21% (10/47)   Writing objects:  23% (11/47)   Writing objects:  25% (12/47)   Writing objects:  27% (13/47)   Writing objects:  29% (14/47)   Writing objects:  31% (15/47)   Writing objects:  34% (16/47)   Writing objects:  36% (17/47)   Writing objects:  38% (18/47)   Writing objects:  40% (19/47)   Writing objects:  42% (20/47)   Writing objects:  44% (21/47)   Writing objects:  46% (22/47)   Writing objects:  48% (23/47)   Writing objects:  51% (24/47)   Writing objects:  53% (25/47)   Writing objects:  55% (26/47)   Writing objects:  57% (27/47)   Writing objects:  59% (28/47)   Writing objects:  61% (29/47)   Writing objects:  63% (30/47)   Writing objects:  65% (31/47)   Writing objects:  68% (32/47)   Writing objects:  70% (33/47)   Writing objects:  72% (34/47)   Writing objects:  74% (35/47)   Writing objects:  76% (36/47)   Writing objects:  78% (37/47)   Writing objects:  80% (38/47)   Writing objects:  82% (39/47)   Writing objects:  85% (40/47)   Writing objects:  87% (41/47)   Writing objects:  89% (42/47)   Writing objects:  91% (43/47)   Writing objects:  93% (44/47)   Writing objects:  95% (45/47)   Writing objects:  97% (46/47)   Writing objects: 100% (47/47)   Writing objects: 100% (47/47), 12.40 KiB | 2.07 MiB/s, done.
Total 47 (delta 5), reused 0 (delta 0)
remote: Resolving deltas:   0% (0/5)   [Kremote: Resolving deltas:  20% (1/5)   [Kremote: Resolving deltas:  40% (2/5)   [Kremote: Resolving deltas:  60% (3/5)   [Kremote: Resolving deltas: 100% (5/5)   [Kremote: Resolving deltas: 100% (5/5), completed with 1 local object.[K
To https://github.com/benmarwick/notebooks
   a758e76..99cb439  master -> master
]0;/home/jovyan]0;jovyan@jupyter-benmarwick-2dnotebooks-2d2htapzvw: ~[01;32mjovyan@jupyter-benmarwick-2dnotebooks-2d2htapzvw[00m:[01;34m~[00m$ 